╭──────────────────────────────────────────────────────────────────────────────╮
│ # Ralph Agent Instructions                                                   │
│                                                                              │
│ You are an autonomous coding agent working on a software project.            │
│                                                                              │
│ ## 🛡️ CRITICAL SAFETY RULES - NEVER VIOLATE                                   │
│                                                                              │
│ ### System Resource Protection                                               │
│ The following actions are **STRICTLY PROHIBITED** and will cause harm to the │
│ host system:                                                                 │
│                                                                              │
│ **Docker/Container Management:**                                             │
│ - **NEVER** run `docker stop` without an explicit container name or ID       │
│ - **NEVER** use `docker stop $(docker ps -q)` or any pattern that stops mult │
│ iple/all containers                                                          │
│ - **NEVER** run `docker rm -f $(docker ps -aq)` or similar mass-removal comm │
│ ands                                                                         │
│ - **ALWAYS** verify container names with `docker ps --filter name=<pattern>` │
│ before stopping                                                              │
│ - **ONLY** stop containers that were explicitly created by this session      │
│ - **ONLY** stop containers using their explicit name: `docker stop <exact-co │
│ ntainer-name>`                                                               │
│                                                                              │
│ **Process Management:**                                                      │
│ - **NEVER** run `killall`, `pkill`, or similar commands without specific pro │
│ cess names                                                                   │
│ - **NEVER** use `kill -9` on system processes or processes you didn't start  │
│ - **ONLY** terminate processes you explicitly started in this session        │
│                                                                              │
│ **Port/Network Conflicts:**                                                  │
│ - If a port is in use, **USE A DIFFERENT PORT** instead of killing the proce │
│ ss using it                                                                  │
│ - Check what's running on a port with `lsof -i :<port>` or `ss -tlnp | grep  │
│ <port>`                                                                      │
│ - Prefer random/high ports (e.g., `docker run -p 0:8080`) to avoid conflicts │
│                                                                              │
│ **General Safety:**                                                          │
│ - **NEVER** run commands that affect system-wide state unless explicitly req │
│ uired by the PRD                                                             │
│ - **NEVER** use wildcards or glob patterns with destructive commands (`rm`,  │
│ `kill`, `stop`)                                                              │
│ - When in doubt, be explicit and specific with resource names                │
│                                                                              │
│ ---                                                                          │
│                                                                              │
│ ## Your Task                                                                 │
│                                                                              │
│ 1. Read the PRD at `prd.json` (in the same directory as this file)           │
│ 2. Read the progress log at `progress.txt` (check Codebase Patterns section  │
│ first)                                                                       │
│ 3. Check you're on the correct branch from PRD `branchName`. If not, check i │
│ t out or create from main.                                                   │
│ 4. Pick the **highest priority** user story where `passes: false`            │
│ 5. Implement that single user story                                          │
│ 6. Run quality checks (e.g., typecheck, lint, test - use whatever your proje │
│ ct requires)                                                                 │
│ 7. Update AGENTS.md files if you discover reusable patterns (see below)      │
│ 8. If checks pass, commit ALL changes with message: `feat: [Story ID] - [Sto │
│ ry Title]`                                                                   │
│ 9. Update the PRD to set `passes: true` for the completed story              │
│ 10. Append your progress to `progress.txt`                                   │
│                                                                              │
│ ## Progress Report Format                                                    │
│                                                                              │
│ APPEND to progress.txt (never replace, always append):                       │
│ ```                                                                          │
│ ## [Date/Time] - [Story ID]                                                  │
│ - What was implemented                                                       │
│ - Files changed                                                              │
│ - **Learnings for future iterations:**                                       │
│   - Patterns discovered (e.g., "this codebase uses X for Y")                 │
│   - Gotchas encountered (e.g., "don't forget to update Z when changing W")   │
│   - Useful context (e.g., "the evaluation panel is in component X")          │
│ ---                                                                          │
│ ```                                                                          │
│                                                                              │
│ The learnings section is critical - it helps future iterations avoid repeati │
│ ng mistakes and understand the codebase better.                              │
│                                                                              │
│ ## Consolidate Patterns                                                      │
│                                                                              │
│ If you discover a **reusable pattern** that future iterations should know, a │
│ dd it to the `## Codebase Patterns` section at the TOP of progress.txt (crea │
│ te it if it doesn't exist). This section should consolidate the most importa │
│ nt learnings:                                                                │
│                                                                              │
│ ```                                                                          │
│ ## Codebase Patterns                                                         │
│ - Example: Use `sql<number>` template for aggregations                       │
│ - Example: Always use `IF NOT EXISTS` for migrations                         │
│ - Example: Export types from actions.ts for UI components                    │
│ ```                                                                          │
│                                                                              │
│ Only add patterns that are **general and reusable**, not story-specific deta │
│ ils.                                                                         │
│                                                                              │
│ ## Update AGENTS.md Files                                                    │
│                                                                              │
│ Before committing, check if any edited files have learnings worth preserving │
│ in nearby AGENTS.md files:                                                   │
│                                                                              │
│ 1. **Identify directories with edited files** - Look at which directories yo │
│ u modified                                                                   │
│ 2. **Check for existing AGENTS.md** - Look for AGENTS.md in those directorie │
│ s or parent directories                                                      │
│ 3. **Add valuable learnings** - If you discovered something future developer │
│ s/agents should know:                                                        │
│    - API patterns or conventions specific to that module                     │
│    - Gotchas or non-obvious requirements                                     │
│    - Dependencies between files                                              │
│    - Testing approaches for that area                                        │
│    - Configuration or environment requirements                               │
│                                                                              │
│ **Examples of good AGENTS.md additions:**                                    │
│ - "When modifying X, also update Y to keep them in sync"                     │
│ - "This module uses pattern Z for all API calls"                             │
│ - "Tests require the dev server running on PORT 3000"                        │
│ - "Field names must match the template exactly"                              │
│                                                                              │
│ **Do NOT add:**                                                              │
│ - Story-specific implementation details                                      │
│ - Temporary debugging notes                                                  │
│ - Information already in progress.txt                                        │
│                                                                              │
│ Only update AGENTS.md if you have **genuinely reusable knowledge** that woul │
│ d help future work in that directory.                                        │
│                                                                              │
│ ## Quality Requirements                                                      │
│                                                                              │
│ - ALL commits must pass your project's quality checks (typecheck, lint, test │
│ )                                                                            │
│ - Do NOT commit broken code                                                  │
│ - Keep changes focused and minimal                                           │
│ - Follow existing code patterns                                              │
│                                                                              │
│ ## Browser Testing (Required for Frontend Stories)                           │
│                                                                              │
│ For any story that changes UI, you MUST verify it works in the browser:      │
│                                                                              │
│ 1. Load the `dev-browser` skill                                              │
│ 2. Navigate to the relevant page                                             │
│ 3. Verify the UI changes work as expected                                    │
│ 4. Take a screenshot if helpful for the progress log                         │
│                                                                              │
│ A frontend story is NOT complete until browser verification passes.          │
│                                                                              │
│ ## Stop Condition                                                            │
│                                                                              │
│ After completing a user story, check if ALL stories have `passes: true`.     │
│                                                                              │
│ If ALL stories are complete and passing, reply with:                         │
│ <promise>COMPLETE</promise>                                                  │
│                                                                              │
│ If there are still stories with `passes: false`, end your response normally  │
│ (another iteration will pick up the next story).                             │
│                                                                              │
│ ## Important                                                                 │
│                                                                              │
│ - Work on ONE story per iteration                                            │
│ - Commit frequently                                                          │
│ - Keep CI green                                                              │
│ - Read the Codebase Patterns section in progress.txt before starting         │
╰──────────────────────────────────────────────────────────────────────────────╯
• Let me start by reading the PRD file and the progress log to understand what n
  eeds to be done.
• Used ReadFile (prd.json)
• Used ReadFile (progress.txt)
• Let me analyze the current state:

  1. The PRD shows that US-001, US-002, and US-003 are already completed (passes
     rue)
  2. The next highest priority story with passes: false is US-004 - "Implement N
     zap (same-mint) state machine steps"

  Looking at the PRD, US-004 requires:

  • Implement 'reserve_proofs' step: reserve proofs from wallet
  • Implement 'build_nutszap_event' step: create and sign kind 9321 event
  • Implement 'publish_nutszap_event' step: publish via usePublish, store first
    lay ack
  • Implement 'finalize' step: commit reserved proofs, clear activeTxId
  • Each step checks if already completed and skips idempotently
  • Errors are stored in state.errors with step context
  • Typecheck passes

  Let me first check the current state of the tx-recovery.ts file to understand
  what's already there and what needs to be added for US-004.

  I also need to check the existing codebase to understand:

  1. How Nutszap events are created (kind 9321)
  2. How usePublish works
  3. How existing sendEcash logic works

  Let me start by reading the existing tx-recovery.ts file and explore related f
  iles.
• Let me check the current state of the project and understand what's been done
  so far. I need to work on US-004 which is the highest priority story with pass
  es: false.
• Used ReadFile (src/model/cashu/tx-recovery.ts)
• Used Glob (src/**/*ecash*)
• Used Glob (src/**/*nutszap*)
• Now let me look at the existing ecash.svelte modal and understand how nutszeps
  are currently implemented. I also need to look at the NutsWallet class to unde
  rstand how proofs work.
• Used ReadFile (src/routes/modals/ecash.svelte)
• Used ReadFile (src/controller/proofs.ts)
• Now I understand the codebase. Let me check the current git branch and then im
  plement US-004.

  From the PRD, US-004 requires:

  1. Implement 'reserve_proofs' step: reserve proofs from wallet
  2. Implement 'build_nutszap_event' step: create and sign kind 9321 event
  3. Implement 'publish_nutszap_event' step: publish via usePublish, store first
     lay ack
  4. Implement 'finalize' step: commit reserved proofs, clear activeTxId
  5. Each step checks if already completed and skips idempotently
  6. Errors are stored in state.errors with step context

  I need to update the executeStep function in tx-recovery.ts to implement these
  steps for the 'nutszap' transaction type.

  Looking at the existing code in ecash.svelte, I can see how nutszeps are creat
  ed:

  • Kind 9321 event
  • Tags include proofs, mint URL (u), note ID (e), recipient pubkey (p)
  • Content is memo

  Let me also check what hooks are available for publishing.
• Now I need to check the current branch and understand the publish hook pattern
  s:
• Used Shell (cd /root/code/nuts-cash &...git branch --show-current)
• Used Grep (usePublish)
• I've analyzed the existing implementation in ecash.svelte. The current flow ha
  ndles three distinct scenarios: same-mint P2PK sends, cross-mint swaps, and LN
  URL zaps. For the recovery system to be effective, I need to standardize these
  into a state machine where each step is idempotent and can be resumed after an
  interruption.

  Hmm, the 'nutszap' type is the most critical to handle first as it involves th
  e most complex state transitions—moving from proof reservation to event public
  ation and finalization. If I look at the current executeStep function, it's cu
  rrently just a skeleton.

  Wait, how should I handle the proof selection? In ecash.svelte, the send metho
  d is called to split the proofs. For the recovery system to be robust, the res
  erve_proofs step shouldn't just select proofs; it should actually perform the
  wallet.send() operation to generate the specific outputs intended for the reci
  pient. If the app crashes after this, we shouldn't re-run send because the wal
  let might have already moved the state. Instead, we need to check if state.pro
  ofs.reserved already exists.

  Actually, for the build_nutszap_event step, I'll need to reconstruct the Nostr
  event using the stored proofs. The current code uses wallet.receive() to creat
  e P2PK locked proofs before publishing. This logic needs to be encapsulated wi
  thin the state machine's execution flow.

  But wait, how do I track the 'published' status? The PRD mentions storing the
  first relay acknowledgment. This is vital for idempotency. If the publish_nuts
  zap_event step runs and we receive an ACK, we must record it in the state. If
  the process restarts and sees that ACK, it should skip publishing again to avo
  id duplicates on the network.

  I'll focus on the Nutszap flow first. I need to define the executeNutszapStep
  logic to handle these transitions. This will involve checking the state.step a
  nd ensuring each action is atomic. For example, in the finalize step, we'll mo
  ve the reserved proofs to the spent category permanently.

  Now, I need to implement the specific step execution logic for the Nutszap flo
  w in src/model/cashu/tx-recovery.ts. I will update the file to include the det
  ailed execution handlers for each step of the recovery process, ensuring that
  each transition correctly manages the proof states and Nostr event publishing
  as I've outlined.
• Now I need to implement US-004. Let me look at how nutszeps are currently buil
  t in ecash.svelte to replicate the pattern, then implement the step execution
  functions:
• Used StrReplaceFile (src/model/cashu/tx-recovery.ts)
• Now I need to update the executeStep function and add the specific step implem
  entations for the nutszap flow.
• Used StrReplaceFile (src/model/cashu/tx-recovery.ts)
• Now let me run typecheck to see if there are any type errors.
• Now let me run typecheck to verify the implementation:
• Used Shell (cd /root/code/nuts-cash &...ypecheck 2>&1 | head -100)
• Let me check what scripts are available.
• Used Shell (cd /root/code/nuts-cash && npm run 2>&1)
• I see, the script is called check, not typecheck. Let me run that.
• Used Shell (cd /root/code/nuts-cash &...un check 2>&1 | head -150)
• I see there are many pre-existing errors in the codebase. Let me check if ther
  e are any errors in the tx-recovery.ts file specifically. Let me look at the e
  rrors more carefully and run the check again, filtering for tx-recovery.
• The errors shown are pre-existing in the codebase. Let me check specifically f
  or errors in tx-recovery.ts:
• Used Shell (cd /root/code/nuts-cash &...ery|error TS)" | head -50)
• No errors related to tx-recovery.ts. Let me run the build to make sure everyth
  ing compiles.
• Used Shell (cd /root/code/nuts-cash &...run build 2>&1 | tail -50)
• The build succeeded. The warnings are from third-party dependencies (html5-qrc
  ode) and not from my code. Now I need to:1. Update the PRD to set passes: true
  for US-004 2. Append progress to progress.txt3. Check if there's an AGENTS.md
  to update 4. Commit the changes

  Let me also run lint to make sure.
• Build succeeded. Let me run lint as well:
• Used Shell (cd /root/code/nuts-cash &... run lint 2>&1 | tail -30)
• The warnings are mostly from prettier plugin config and not from the code itse
  lf. There are some code style issues but they're in other files. Let me format
  the tx-recovery.ts file specifically to make sure it's properly formatted.
• Let me format the tx-recovery.ts file to ensure proper code style:
• Used Shell (cd /root/code/nuts-cash &...cashu/tx-recovery.ts 2>&1)
• Now let me update the PRD to mark US-004 as passing, and append progress to pr
  ogress.txt. Let me also check if there's an AGENTS.md file that needs updating
  .
• Now let me update the PRD to mark US-004 as complete and append to progress.tx
  t:
• Used StrReplaceFile (prd.json)
• Now let me append the progress to progress.txt.
• Used WriteFile (progress.txt)
• Now let me check if there's an AGENTS.md file in the src/model/cashu directory
  that should be updated with patterns.
• Let me check if there's an AGENTS.md to update in the model directory:
• Used Shell (find /root/code/nuts-cash...e "AGENTS.md" 2>/dev/null)
• I've implemented the Nutszap logic, but I need to ensure executeReserveProofsS
  tep properly commits the change proofs. If I miss this, the wallet state will
  drift during recovery. Wait, I also need to verify how proof selection logic w
  orks for existing tokens.

  Hmm, I should double-check the validateP2pkPubkey import; if the path is wrong
  , the utility won't work. Actually, it's better to review the diff for the ent
  ire file. This will allow me to catch any logic gaps or syntax errors across t
  he state machine implementation. I'll examine the changes in src/model/cashu/t
  x-recovery.ts now.
• Let me review the implementation to make sure the change proofs are committed
  and imports are correct:
• Used ReadFile (src/model/cashu/tx-recovery.ts)
• Looking at the code, I see an issue. When we call mintWallet.send(), it return
  s proofs to keep and proofs to send. The proofs to keep (change) need to be co
  mmitted to the wallet. In the original ecash.svelte code, after a successful s
  end they do:```typescript $nutsWallet.unspentProofs.set(fromMint, proofsToKeep
  ); $nutsWallet.updateBalanceByMint();$nutsWallet.saveProofs(fromMint, proofsTo
  Keep);


  But in my implementation, I'm only storing the change in the state, not actual
  ly updating the wallet. Let me fix this.Also, I need to verify that the finali
  ze step properly commits the reserved proofs. Let me check finalizeTransaction
  and the executeFinalizeStep.
• I notice I need to fix the implementation - the change proofs from send() need
  to be committed to the wallet. Let me also check the finalize logic:
• Used ReadFile (src/model/cashu/tx-recovery.ts)
• Looking at the finalize step and finalizeTransaction, I notice that:1. The fin
  alize step only calls finalizeTransaction which marks the state as finalized b
  ut doesn't actually commit the reserved proofs to spent. 2. Looking at the ori
  ginal ecash.svelte code for same-mint sends:typescript// Commit: only keep pro
  ofs $nutsWallet.unspentProofs.set(fromMint, proofsToKeep);$nutsWallet.updateBa
  lanceByMint(); $nutsWallet.saveProofs(fromMint, proofsToKeep);

  Wait, that's for successful sends. For reserved proofs, we need to call wallet
  .commitReserved() to move them from reserved to spent.

  Looking at the NutsWallet class, commitReserved() moves proofs from reserved t
  o spent. So I need to:1. After a successful nutszap publish, commit the reserv
  ed proofs to spent2. Also save the change proofs to unspent

  Actually, let me reconsider. The reserve_proofs step does:

  1. Calls wallet.send() to select proofs - this splits unspent into keep and se
     . Reserves the send proofs3. Stores keep as change in state

  But I never actually update the wallet's unspentProofs with the change! The un
  spentProofs still has the original proofs. This is a bug.Looking at the flow:1
  . wallet.send() consumes unspentProofs and returns {keep, send}2. We reserve t
  he send proofs3. We need to update unspentProofs to only have the change (keep
  ) proofs

  Let me fix this.
• I need to fix the implementation to properly handle the change proofs after se
  nd(). The unspent proofs need to be updated to only contain the change:
• Used StrReplaceFile (src/model/cashu/tx-recovery.ts)
• Now I also need to fix the finalize step to commit the reserved proofs to spen
  t. Let me update that as well.
• Now let me update the finalize step to actually commit the reserved proofs:
• Used StrReplaceFile (src/model/cashu/tx-recovery.ts)
• Now let me run the build again to make sure everything compiles correctly.
• Let me verify the build still passes:
• Used Shell (cd /root/code/nuts-cash &...Error|✔ done)" | tail -20)
• Build passes. The warnings are CSS-related and not from my changes. Now let me
  commit the changes.
• Build passes. Now let me commit the changes:
