╭──────────────────────────────────────────────────────────────────────────────╮
│ # Ralph Agent Instructions                                                   │
│                                                                              │
│ You are an autonomous coding agent working on a software project.            │
│                                                                              │
│ ## 🛡️ CRITICAL SAFETY RULES - NEVER VIOLATE                                   │
│                                                                              │
│ ### System Resource Protection                                               │
│ The following actions are **STRICTLY PROHIBITED** and will cause harm to the │
│ host system:                                                                 │
│                                                                              │
│ **Docker/Container Management:**                                             │
│ - **NEVER** run `docker stop` without an explicit container name or ID       │
│ - **NEVER** use `docker stop $(docker ps -q)` or any pattern that stops mult │
│ iple/all containers                                                          │
│ - **NEVER** run `docker rm -f $(docker ps -aq)` or similar mass-removal comm │
│ ands                                                                         │
│ - **ALWAYS** verify container names with `docker ps --filter name=<pattern>` │
│ before stopping                                                              │
│ - **ONLY** stop containers that were explicitly created by this session      │
│ - **ONLY** stop containers using their explicit name: `docker stop <exact-co │
│ ntainer-name>`                                                               │
│                                                                              │
│ **Process Management:**                                                      │
│ - **NEVER** run `killall`, `pkill`, or similar commands without specific pro │
│ cess names                                                                   │
│ - **NEVER** use `kill -9` on system processes or processes you didn't start  │
│ - **ONLY** terminate processes you explicitly started in this session        │
│                                                                              │
│ **Port/Network Conflicts:**                                                  │
│ - If a port is in use, **USE A DIFFERENT PORT** instead of killing the proce │
│ ss using it                                                                  │
│ - Check what's running on a port with `lsof -i :<port>` or `ss -tlnp | grep  │
│ <port>`                                                                      │
│ - Prefer random/high ports (e.g., `docker run -p 0:8080`) to avoid conflicts │
│                                                                              │
│ **General Safety:**                                                          │
│ - **NEVER** run commands that affect system-wide state unless explicitly req │
│ uired by the PRD                                                             │
│ - **NEVER** use wildcards or glob patterns with destructive commands (`rm`,  │
│ `kill`, `stop`)                                                              │
│ - When in doubt, be explicit and specific with resource names                │
│                                                                              │
│ ---                                                                          │
│                                                                              │
│ ## Your Task                                                                 │
│                                                                              │
│ 1. Read the PRD at `prd.json` (in the same directory as this file)           │
│ 2. Read the progress log at `progress.txt` (check Codebase Patterns section  │
│ first)                                                                       │
│ 3. Check you're on the correct branch from PRD `branchName`. If not, check i │
│ t out or create from main.                                                   │
│ 4. Pick the **highest priority** user story where `passes: false`            │
│ 5. Implement that single user story                                          │
│ 6. Run quality checks (e.g., typecheck, lint, test - use whatever your proje │
│ ct requires)                                                                 │
│ 7. Update AGENTS.md files if you discover reusable patterns (see below)      │
│ 8. If checks pass, commit ALL changes with message: `feat: [Story ID] - [Sto │
│ ry Title]`                                                                   │
│ 9. Update the PRD to set `passes: true` for the completed story              │
│ 10. Append your progress to `progress.txt`                                   │
│                                                                              │
│ ## Progress Report Format                                                    │
│                                                                              │
│ APPEND to progress.txt (never replace, always append):                       │
│ ```                                                                          │
│ ## [Date/Time] - [Story ID]                                                  │
│ - What was implemented                                                       │
│ - Files changed                                                              │
│ - **Learnings for future iterations:**                                       │
│   - Patterns discovered (e.g., "this codebase uses X for Y")                 │
│   - Gotchas encountered (e.g., "don't forget to update Z when changing W")   │
│   - Useful context (e.g., "the evaluation panel is in component X")          │
│ ---                                                                          │
│ ```                                                                          │
│                                                                              │
│ The learnings section is critical - it helps future iterations avoid repeati │
│ ng mistakes and understand the codebase better.                              │
│                                                                              │
│ ## Consolidate Patterns                                                      │
│                                                                              │
│ If you discover a **reusable pattern** that future iterations should know, a │
│ dd it to the `## Codebase Patterns` section at the TOP of progress.txt (crea │
│ te it if it doesn't exist). This section should consolidate the most importa │
│ nt learnings:                                                                │
│                                                                              │
│ ```                                                                          │
│ ## Codebase Patterns                                                         │
│ - Example: Use `sql<number>` template for aggregations                       │
│ - Example: Always use `IF NOT EXISTS` for migrations                         │
│ - Example: Export types from actions.ts for UI components                    │
│ ```                                                                          │
│                                                                              │
│ Only add patterns that are **general and reusable**, not story-specific deta │
│ ils.                                                                         │
│                                                                              │
│ ## Update AGENTS.md Files                                                    │
│                                                                              │
│ Before committing, check if any edited files have learnings worth preserving │
│ in nearby AGENTS.md files:                                                   │
│                                                                              │
│ 1. **Identify directories with edited files** - Look at which directories yo │
│ u modified                                                                   │
│ 2. **Check for existing AGENTS.md** - Look for AGENTS.md in those directorie │
│ s or parent directories                                                      │
│ 3. **Add valuable learnings** - If you discovered something future developer │
│ s/agents should know:                                                        │
│    - API patterns or conventions specific to that module                     │
│    - Gotchas or non-obvious requirements                                     │
│    - Dependencies between files                                              │
│    - Testing approaches for that area                                        │
│    - Configuration or environment requirements                               │
│                                                                              │
│ **Examples of good AGENTS.md additions:**                                    │
│ - "When modifying X, also update Y to keep them in sync"                     │
│ - "This module uses pattern Z for all API calls"                             │
│ - "Tests require the dev server running on PORT 3000"                        │
│ - "Field names must match the template exactly"                              │
│                                                                              │
│ **Do NOT add:**                                                              │
│ - Story-specific implementation details                                      │
│ - Temporary debugging notes                                                  │
│ - Information already in progress.txt                                        │
│                                                                              │
│ Only update AGENTS.md if you have **genuinely reusable knowledge** that woul │
│ d help future work in that directory.                                        │
│                                                                              │
│ ## Quality Requirements                                                      │
│                                                                              │
│ - ALL commits must pass your project's quality checks (typecheck, lint, test │
│ )                                                                            │
│ - Do NOT commit broken code                                                  │
│ - Keep changes focused and minimal                                           │
│ - Follow existing code patterns                                              │
│                                                                              │
│ ## Browser Testing (Required for Frontend Stories)                           │
│                                                                              │
│ For any story that changes UI, you MUST verify it works in the browser:      │
│                                                                              │
│ 1. Load the `dev-browser` skill                                              │
│ 2. Navigate to the relevant page                                             │
│ 3. Verify the UI changes work as expected                                    │
│ 4. Take a screenshot if helpful for the progress log                         │
│                                                                              │
│ A frontend story is NOT complete until browser verification passes.          │
│                                                                              │
│ ## Stop Condition                                                            │
│                                                                              │
│ After completing a user story, check if ALL stories have `passes: true`.     │
│                                                                              │
│ If ALL stories are complete and passing, reply with:                         │
│ <promise>COMPLETE</promise>                                                  │
│                                                                              │
│ If there are still stories with `passes: false`, end your response normally  │
│ (another iteration will pick up the next story).                             │
│                                                                              │
│ ## Important                                                                 │
│                                                                              │
│ - Work on ONE story per iteration                                            │
│ - Commit frequently                                                          │
│ - Keep CI green                                                              │
│ - Read the Codebase Patterns section in progress.txt before starting         │
╰──────────────────────────────────────────────────────────────────────────────╯
• The user wants me to act as a Ralph agent to implement user stories from a PRD
  . Let me start by reading the PRD file, the progress log, and checking the cur
  rent branch to understand what needs to be done.

  Let me start by:

  1. Reading prd.json
  2. Reading progress.txt
  3. Checking the current branch
• I'll start by reading the PRD, progress log, and checking the current branch t
  o understand what needs to be implemented.
• Used ReadFile (prd.json)
• Used ReadFile (progress.txt)
• Used Shell (git branch --show-current)
• I've confirmed that US-006 is the next story in the queue. It's currently mark
  ed as passes: false, so I need to implement the 'Zap' (Lightning) state machin
  e.

  The requirements for this story are quite specific: I need to build out severa
  l new steps, starting with build_zap_request and fetch_zap_invoice. These are
  unique to the Lightning flow compared to the Nutszap flows handled in previous
  sprints.

  Hmm... looking at the implementation details, I'll need to handle the transiti
  on from a Nostr Zap Request (Kind 9734) to the Cashu-specific melt process. Th
  is means after fetching the invoice, the state machine needs to seamlessly int
  egrate with the existing melt logic. But wait, I shouldn't assume the existing
  melt steps are perfectly decoupled.

  If the current melt logic is tightly bound to the 'Nutszap' event types, I'll
  need to refactor it or create a more generic version that both flows can use.
  Furthermore, I need to see how the ecash.svelte modal handles the UI state. Do
  es it expect the transaction state to be in a specific format before showing a
  success message?

  Actually, to implement store_change_proofs correctly, I need to know exactly w
  here the wallet state is updated. If I just return the proofs from the state m
  achine, the UI might not reflect the change until a manual refresh.

  Before I start defining the new executeZapStep functions in the recovery modul
  e, I must understand the current data structures. I'll check tx-recovery.ts to
  see the existing step definitions. I'll also examine proofs.ts to see the wall
  et's interface for adding proofs, and finally, ecash.svelte to see how the UI
  triggers and responds to state transitions. This will ensure the new flow is c
  onsistent with the rest of the application.
• I'm on the correct branch ralph/ecash-transaction-recovery. Looking at the PRD
  , I can see that US-006: Implement Zap (Lightning) state machine steps is the
  next story with passes: false and priority 6.

  Let me first check the current state of the tx-recovery.ts file to understand
  what's already implemented:
• Used ReadFile (src/model/cashu/tx-recovery.ts)
• Used ReadFile (src/routes/_modals/ecash.svelte)
  File not found
• Used ReadFile (src/controller/proofs.ts)
• Now I have a good understanding of the existing code. Let me continue reading
  the tx-recovery.ts file to see the remaining content, and also find the ecash
  modal.
• Let me continue reading the tx-recovery.ts file and find the ecash modal:
• Used ReadFile (src/model/cashu/tx-recovery.ts)
• Used Glob (src/**/*ecash*)
• Now let me read the ecash modal to understand how it works, particularly for z
  aps:
• Now let me read the ecash modal to understand the existing zap flow:
• Used ReadFile (src/routes/modals/ecash.svelte)
• Used Grep (zap.*request|fetchZap|lnurl|ZapRequest)
• Now I understand the zap flow. Let me look at the getZapInvoice and useSignEve
  nt functions in the wallet.ts:
• Let me check the wallet utility functions for zap handling:
• Used ReadFile (src/lib/wallet.ts)
• Used Grep (useSignEvent)
• Now I have a good understanding of the codebase. Let me check how useSignEvent
  works by looking at the hooks from @candypoets/nipworker:
• Let me check how the key is imported and used in the codebase:
• Used Grep (import.*key.*from|export.*key)
• Used Grep (useSignEvent)
• I've examined the existing code for ecash.svelte. The current zap flow is quit
  e linear: it builds a request, signs it, fetches an invoice, and then performs
  a melt. To implement the tx-recovery system, I need to encapsulate this logic
  into discrete, resumable steps.

  Specifically, I see that useSignEvent is a crucial dependency for the build_za
  p_request step. It takes an EventTemplate and provides a signed event through
  a callback. This means my implementation of that step will need to wrap this h
  ook in a promise-based structure to fit the recovery flow.

  Wait, I also need to be careful with the parameters. The PRD mentions params.l
  nurl and params.receiptRelays. I should verify how these are passed from the U
  I to the recovery engine. If the UI is already handling the preliminary LNURL
  fetch, I need to ensure the recovery system doesn't duplicate that work, but s
  till has enough context to resume if the app closes.

  Actually, before I start writing the implementation in src/model/cashu/tx-reco
  very.ts, I should update the task list. I've finished the initial discovery of
  the zap flow, and I'm ready to begin the actual coding phase for US-006. Keepi
  ng the task list updated will ensure I track the transition from 'in-progress'
  to the verification stage.

  I'll now formalize the plan: mark the discovery as complete and set the implem
  entation of the Zap state machine steps as the current active task. This will
  provide a clear roadmap for the next few edits.
• Now I understand the zap flow. Let me implement the Zap state machine steps in
  tx-recovery.ts. I'll need to replace the placeholder executeZapStep function w
  ith the actual implementations.
• Used SetTodoList
  • Implement Zap state machine steps in tx-recovery.ts ←
  • Run typecheck and fix any errors
  • Update progress.txt with learnings
  • Update prd.json to mark US-006 as passed
• I've analyzed the existing executeZapStep implementation. It's currently a ske
  leton that doesn't actually handle the logic for building zap requests, fetchi
  ng invoices, or performing melts. To make the recovery system functional for z
  aps, I need to implement these specific steps.

  Hmm, how should I structure this? Each step in the TxState needs to be idempot
  ent. If we're at the BUILD_ZAP_REQUEST step, I need to generate the NIP-57 req
  uest. If we're at FETCH_ZAP_INVOICE, I use that request to hit the LNURL callb
  ack.

  Wait, useSignEvent is a Svelte store hook and not available in the controller.
  I'll have to implement a manual signing method using the wallet's private key.
  Similarly, for getZapInvoice, I'll rely on the getZapInvoice utility I identif
  ied in the previous step.

  The flow should be:

  1. RESERVE_PROOFS (already handled)
  2. BUILD_ZAP_REQUEST (construct and sign Nostr event)
  3. FETCH_ZAP_INVOICE (use signed event to get invoice from LNURL)
  4. GET_MELT_QUOTE (fetch melt quote for the invoice)
  5. PERFORM_MELT (pay the invoice via Cashu)
  6. STORE_CHANGE_PROOFS (save the change)
  7. FINALIZE (commit proofs)

  I need to replace the placeholder executeZapStep with a robust dispatcher and
  the corresponding step implementations. I'll also need to import getZapInvoice
  and necessary crypto libraries for event signing. I'll proceed with updating /
  root/code/nuts-cash/src/model/cashu/tx-recovery.ts.
• Used StrReplaceFile (src/model/cashu/tx-recovery.ts)
• Now I need to move the imports to the top of the file. Let me check the import
  s and move them properly.
• I need to move the imports to the top of the file:
• Used ReadFile (src/model/cashu/tx-recovery.ts)
• Now I need to add the new imports for the zap step implementation:
• Used StrReplaceFile (src/model/cashu/tx-recovery.ts)
• Now I need to remove the duplicate imports I added in the zap implementation s
  ection. Let me check if they are there.
• Now I need to remove the duplicate imports from the zap section:
• Used Grep (import.*getZapInvoice|import.*useSignEvent)
• I need to remove the duplicate imports in the zap section (lines 1230-1232).
• Used ReadFile (src/model/cashu/tx-recovery.ts)
• I see the duplicate imports. I also notice I imported key but didn't use it (w
  e use useSignEvent instead which doesn't need explicit key). Let me remove the
  se duplicate imports.
• Used StrReplaceFile (src/model/cashu/tx-recovery.ts)
• Good. Now let me run the typecheck to see if there are any errors:
• Now let me run the typecheck to see if there are any errors:
• Used Shell (cd /root/code/nuts-cash &...un check 2>&1 | head -100)
• The typecheck is showing pre-existing errors (errors in vite.config.ts, contro
  ller files, etc.). These are not errors from my changes. Let me continue with
  the check to see if there are any new errors related to my changes. Let me run
  it for a bit longer.
• Used Shell (cd /root/code/nuts-cash &...run check 2>&1 | tail -80)
• There are 351 errors but these are all pre-existing errors (I saw similar erro
  rs in the progress.txt file for previous stories). Let me specifically check i
  f there are any errors in tx-recovery.ts:
• Let me check if there are any specific errors in the tx-recovery.ts file:
• Used Shell (cd /root/code/nuts-cash &...recovery|src/model/cashu")
  Failed with exit code: 1
• No errors specific to tx-recovery.ts. The exit code 1 is from the overall chec
  k which has pre-existing errors. Let me verify by looking at the full output f
  or tx-recovery.ts:
• No errors in tx-recovery.ts. Let me verify there are no new errors introduced
  by my changes:
• Used Shell (cd /root/code/nuts-cash &...errors in tx-recovery.ts")
• No errors in tx-recovery.ts. Let me also run the build to make sure it compile
  s:
• Typecheck passes for tx-recovery.ts with no new errors. Let me also verify the
  build works:
• Used Shell (cd /root/code/nuts-cash &...run build 2>&1 | tail -30)
• Build passes successfully! The warnings are from the html5-qrcode library whic
  h is not related to my changes.

  Now I need to:

  1. Update the progress.txt with learnings
  2. Update the prd.json to mark US-006 as passed
  3. Commit the changes

  Let me do these tasks.
• Build passes successfully! Now let me update the progress.txt and prd.json:
• Used SetTodoList
  • Implement Zap state machine steps in tx-recovery.ts
  • Run typecheck and fix any errors
  • Update progress.txt with learnings ←
  • Update prd.json to mark US-006 as passed
  • Commit the changes
• Now let me update the progress.txt file with learnings from this implementatio
  n.
• Used Shell (cat >> /root/code/nuts-ca...cross-mint swaps) --- EOF)
• Now let me update the prd.json to mark US-006 as passed.
• Now update the prd.json to mark US-006 as passed:
• Used StrReplaceFile (prd.json)
• Now let me commit the changes:
• Used SetTodoList
  • Implement Zap state machine steps in tx-recovery.ts
  • Run typecheck and fix any errors
  • Update progress.txt with learnings
  • Update prd.json to mark US-006 as passed
  • Commit the changes ←
• Now let me commit the changes.
