╭──────────────────────────────────────────────────────────────────────────────╮
│ # Ralph Agent Instructions                                                   │
│                                                                              │
│ You are an autonomous coding agent working on a software project.            │
│                                                                              │
│ ## 🛡️ CRITICAL SAFETY RULES - NEVER VIOLATE                                   │
│                                                                              │
│ ### System Resource Protection                                               │
│ The following actions are **STRICTLY PROHIBITED** and will cause harm to the │
│ host system:                                                                 │
│                                                                              │
│ **Docker/Container Management:**                                             │
│ - **NEVER** run `docker stop` without an explicit container name or ID       │
│ - **NEVER** use `docker stop $(docker ps -q)` or any pattern that stops mult │
│ iple/all containers                                                          │
│ - **NEVER** run `docker rm -f $(docker ps -aq)` or similar mass-removal comm │
│ ands                                                                         │
│ - **ALWAYS** verify container names with `docker ps --filter name=<pattern>` │
│ before stopping                                                              │
│ - **ONLY** stop containers that were explicitly created by this session      │
│ - **ONLY** stop containers using their explicit name: `docker stop <exact-co │
│ ntainer-name>`                                                               │
│                                                                              │
│ **Process Management:**                                                      │
│ - **NEVER** run `killall`, `pkill`, or similar commands without specific pro │
│ cess names                                                                   │
│ - **NEVER** use `kill -9` on system processes or processes you didn't start  │
│ - **ONLY** terminate processes you explicitly started in this session        │
│                                                                              │
│ **Port/Network Conflicts:**                                                  │
│ - If a port is in use, **USE A DIFFERENT PORT** instead of killing the proce │
│ ss using it                                                                  │
│ - Check what's running on a port with `lsof -i :<port>` or `ss -tlnp | grep  │
│ <port>`                                                                      │
│ - Prefer random/high ports (e.g., `docker run -p 0:8080`) to avoid conflicts │
│                                                                              │
│ **General Safety:**                                                          │
│ - **NEVER** run commands that affect system-wide state unless explicitly req │
│ uired by the PRD                                                             │
│ - **NEVER** use wildcards or glob patterns with destructive commands (`rm`,  │
│ `kill`, `stop`)                                                              │
│ - When in doubt, be explicit and specific with resource names                │
│                                                                              │
│ ---                                                                          │
│                                                                              │
│ ## Your Task                                                                 │
│                                                                              │
│ 1. Read the PRD at `prd.json` (in the same directory as this file)           │
│ 2. Read the progress log at `progress.txt` (check Codebase Patterns section  │
│ first)                                                                       │
│ 3. Check you're on the correct branch from PRD `branchName`. If not, check i │
│ t out or create from main.                                                   │
│ 4. Pick the **highest priority** user story where `passes: false`            │
│ 5. Implement that single user story                                          │
│ 6. Run quality checks (e.g., typecheck, lint, test - use whatever your proje │
│ ct requires)                                                                 │
│ 7. Update AGENTS.md files if you discover reusable patterns (see below)      │
│ 8. If checks pass, commit ALL changes with message: `feat: [Story ID] - [Sto │
│ ry Title]`                                                                   │
│ 9. Update the PRD to set `passes: true` for the completed story              │
│ 10. Append your progress to `progress.txt`                                   │
│                                                                              │
│ ## Progress Report Format                                                    │
│                                                                              │
│ APPEND to progress.txt (never replace, always append):                       │
│ ```                                                                          │
│ ## [Date/Time] - [Story ID]                                                  │
│ - What was implemented                                                       │
│ - Files changed                                                              │
│ - **Learnings for future iterations:**                                       │
│   - Patterns discovered (e.g., "this codebase uses X for Y")                 │
│   - Gotchas encountered (e.g., "don't forget to update Z when changing W")   │
│   - Useful context (e.g., "the evaluation panel is in component X")          │
│ ---                                                                          │
│ ```                                                                          │
│                                                                              │
│ The learnings section is critical - it helps future iterations avoid repeati │
│ ng mistakes and understand the codebase better.                              │
│                                                                              │
│ ## Consolidate Patterns                                                      │
│                                                                              │
│ If you discover a **reusable pattern** that future iterations should know, a │
│ dd it to the `## Codebase Patterns` section at the TOP of progress.txt (crea │
│ te it if it doesn't exist). This section should consolidate the most importa │
│ nt learnings:                                                                │
│                                                                              │
│ ```                                                                          │
│ ## Codebase Patterns                                                         │
│ - Example: Use `sql<number>` template for aggregations                       │
│ - Example: Always use `IF NOT EXISTS` for migrations                         │
│ - Example: Export types from actions.ts for UI components                    │
│ ```                                                                          │
│                                                                              │
│ Only add patterns that are **general and reusable**, not story-specific deta │
│ ils.                                                                         │
│                                                                              │
│ ## Update AGENTS.md Files                                                    │
│                                                                              │
│ Before committing, check if any edited files have learnings worth preserving │
│ in nearby AGENTS.md files:                                                   │
│                                                                              │
│ 1. **Identify directories with edited files** - Look at which directories yo │
│ u modified                                                                   │
│ 2. **Check for existing AGENTS.md** - Look for AGENTS.md in those directorie │
│ s or parent directories                                                      │
│ 3. **Add valuable learnings** - If you discovered something future developer │
│ s/agents should know:                                                        │
│    - API patterns or conventions specific to that module                     │
│    - Gotchas or non-obvious requirements                                     │
│    - Dependencies between files                                              │
│    - Testing approaches for that area                                        │
│    - Configuration or environment requirements                               │
│                                                                              │
│ **Examples of good AGENTS.md additions:**                                    │
│ - "When modifying X, also update Y to keep them in sync"                     │
│ - "This module uses pattern Z for all API calls"                             │
│ - "Tests require the dev server running on PORT 3000"                        │
│ - "Field names must match the template exactly"                              │
│                                                                              │
│ **Do NOT add:**                                                              │
│ - Story-specific implementation details                                      │
│ - Temporary debugging notes                                                  │
│ - Information already in progress.txt                                        │
│                                                                              │
│ Only update AGENTS.md if you have **genuinely reusable knowledge** that woul │
│ d help future work in that directory.                                        │
│                                                                              │
│ ## Quality Requirements                                                      │
│                                                                              │
│ - ALL commits must pass your project's quality checks (typecheck, lint, test │
│ )                                                                            │
│ - Do NOT commit broken code                                                  │
│ - Keep changes focused and minimal                                           │
│ - Follow existing code patterns                                              │
│                                                                              │
│ ## Browser Testing (Required for Frontend Stories)                           │
│                                                                              │
│ For any story that changes UI, you MUST verify it works in the browser:      │
│                                                                              │
│ 1. Load the `dev-browser` skill                                              │
│ 2. Navigate to the relevant page                                             │
│ 3. Verify the UI changes work as expected                                    │
│ 4. Take a screenshot if helpful for the progress log                         │
│                                                                              │
│ A frontend story is NOT complete until browser verification passes.          │
│                                                                              │
│ ## Stop Condition                                                            │
│                                                                              │
│ After completing a user story, check if ALL stories have `passes: true`.     │
│                                                                              │
│ If ALL stories are complete and passing, reply with:                         │
│ <promise>COMPLETE</promise>                                                  │
│                                                                              │
│ If there are still stories with `passes: false`, end your response normally  │
│ (another iteration will pick up the next story).                             │
│                                                                              │
│ ## Important                                                                 │
│                                                                              │
│ - Work on ONE story per iteration                                            │
│ - Commit frequently                                                          │
│ - Keep CI green                                                              │
│ - Read the Codebase Patterns section in progress.txt before starting         │
╰──────────────────────────────────────────────────────────────────────────────╯
• Let me start by reading the PRD file and the progress log to understand what n
  eeds to be done.
• Used ReadFile (prd.json)
• Used ReadFile (progress.txt)
• I've reviewed the project status. US-001 is done, so I'm now focusing on US-00
  2. The goal is to implement a proof reservation system within the NutsWallet c
  lass to handle transaction crashes.

  Hmm, I need to locate the NutsWallet definition. It's likely in the cashu mode
  l directory. But wait, I should also check the existing storage patterns. If I
  'm adding persistence for reserved proofs, seeing how persistentWritable is im
  plemented will help maintain consistency across the codebase.

  Actually, I'll start by listing the contents of the cashu model directory and
  searching for all TypeScript files related to 'nuts'. This will help me pinpoi
  nt the class and understand the surrounding architecture.
• Now I understand the current state. US-001 is complete (tx-recovery.ts module
  created). The next story to work on is US-002 - "Add proof reservation to Nuts
  Wallet with persistence".

  Let me explore the codebase to find the NutsWallet class and understand its st
  ructure.
• Used Glob (src/model/cashu/**/*.ts)
• Used Grep (NutsWallet)
• Used Grep (persistentWritable)
• Let me look at the proofs.ts controller to understand the NutsWallet class, an
  d also check the persistentWritable implementation.
• Used ReadFile (src/controller/proofs.ts)
• Used ReadFile (src/lib/persistentWritable.ts)
• The NutsWallet class structure in src/controller/proofs.ts is straightforward,
  but to support the new recovery flow, I need to implement a reservation system
  for proofs. Currently, proofs are either unspent or spent; there's no middle g
  round for proofs that are 'locked' in an active transaction.

  Wait, if I just move them to a reservedProofs map in memory, the state will be
  lost on refresh. That's not robust enough for a recovery mechanism. I'll need
  to persist these to localStorage using the reserved_[pubkey]_[mint] key format
  . This ensures that even if the user reloads, the wallet knows which proofs ar
  e currently tied up.

  I'll need to add three core methods: reserveProofs (to lock), releaseReserved
  (to unlock), and commitReserved (to finalize as spent). I also need to update
  updateBalanceByMint so the UI doesn't show reserved proofs as available funds.

  Before I start modifying the file, I'll check the branch status to ensure I'm
  on the correct feature branch and have a clean working directory. Then, I'll p
  roceed with the implementation.
• Now I understand the NutsWallet class structure. I need to add:

  1. reservedProofs Map
  2. Methods: reserveProofs, releaseReserved, commitReserved
  3. Persistence to localStorage
  4. Loading reserved proofs on initialization
  5. Update balance calculation to exclude reserved proofs

  Let me check the current git branch and then implement the changes:
• Used Shell (cd /root/code/nuts-cash && git status)
• Good, I'm on the correct branch. Now let me implement the changes to the NutsW
  allet class.
• I'm on the correct branch. Now let me implement the proof reservation feature
  in the NutsWallet class:
• Used StrReplaceFile (src/controller/proofs.ts)
• Now let me run the typecheck to make sure everything compiles correctly.
• Now let me run the typecheck to verify the changes compile correctly:
• Used Shell (cd /root/code/nuts-cash &...un check 2>&1 | head -100)
• The typecheck shows some pre-existing errors, but none of them are related to
  my changes. The errors are in other files (vite.config.ts, carousel, image.ts,
  key.ts, wallet.ts). My changes to the NutsWallet class don't introduce any new
  type errors.

  Let me verify the changes I made compile correctly by specifically checking th
  e proofs.ts file, and also verify the build passes.
• The errors shown are all pre-existing in the codebase, not related to my chang
  es. Let me verify the build passes:
• Used Shell (cd /root/code/nuts-cash &...run build 2>&1 | tail -30)
• The build passes. Let me now update the PRD to mark US-002 as passing, and app
  end the progress to progress.txt.
• Build passes. Now let me update the PRD and progress log:
• Used StrReplaceFile (prd.json)
• Used StrReplaceFile (progress.txt)
• Now let me append the progress report for US-002:
• Used WriteFile (progress.txt)
• Now let me commit the changes.
• Now let me commit the changes:
