╭──────────────────────────────────────────────────────────────────────────────╮
│ # Ralph Agent Instructions                                                   │
│                                                                              │
│ You are an autonomous coding agent working on a software project.            │
│                                                                              │
│ ## 🛡️ CRITICAL SAFETY RULES - NEVER VIOLATE                                   │
│                                                                              │
│ ### System Resource Protection                                               │
│ The following actions are **STRICTLY PROHIBITED** and will cause harm to the │
│ host system:                                                                 │
│                                                                              │
│ **Docker/Container Management:**                                             │
│ - **NEVER** run `docker stop` without an explicit container name or ID       │
│ - **NEVER** use `docker stop $(docker ps -q)` or any pattern that stops mult │
│ iple/all containers                                                          │
│ - **NEVER** run `docker rm -f $(docker ps -aq)` or similar mass-removal comm │
│ ands                                                                         │
│ - **ALWAYS** verify container names with `docker ps --filter name=<pattern>` │
│ before stopping                                                              │
│ - **ONLY** stop containers that were explicitly created by this session      │
│ - **ONLY** stop containers using their explicit name: `docker stop <exact-co │
│ ntainer-name>`                                                               │
│                                                                              │
│ **Process Management:**                                                      │
│ - **NEVER** run `killall`, `pkill`, or similar commands without specific pro │
│ cess names                                                                   │
│ - **NEVER** use `kill -9` on system processes or processes you didn't start  │
│ - **ONLY** terminate processes you explicitly started in this session        │
│                                                                              │
│ **Port/Network Conflicts:**                                                  │
│ - If a port is in use, **USE A DIFFERENT PORT** instead of killing the proce │
│ ss using it                                                                  │
│ - Check what's running on a port with `lsof -i :<port>` or `ss -tlnp | grep  │
│ <port>`                                                                      │
│ - Prefer random/high ports (e.g., `docker run -p 0:8080`) to avoid conflicts │
│                                                                              │
│ **General Safety:**                                                          │
│ - **NEVER** run commands that affect system-wide state unless explicitly req │
│ uired by the PRD                                                             │
│ - **NEVER** use wildcards or glob patterns with destructive commands (`rm`,  │
│ `kill`, `stop`)                                                              │
│ - When in doubt, be explicit and specific with resource names                │
│                                                                              │
│ ---                                                                          │
│                                                                              │
│ ## Your Task                                                                 │
│                                                                              │
│ 1. Read the PRD at `prd.json` (in the same directory as this file)           │
│ 2. Read the progress log at `progress.txt` (check Codebase Patterns section  │
│ first)                                                                       │
│ 3. Check you're on the correct branch from PRD `branchName`. If not, check i │
│ t out or create from main.                                                   │
│ 4. Pick the **highest priority** user story where `passes: false`            │
│ 5. Implement that single user story                                          │
│ 6. Run quality checks (e.g., typecheck, lint, test - use whatever your proje │
│ ct requires)                                                                 │
│ 7. Update AGENTS.md files if you discover reusable patterns (see below)      │
│ 8. If checks pass, commit ALL changes with message: `feat: [Story ID] - [Sto │
│ ry Title]`                                                                   │
│ 9. Update the PRD to set `passes: true` for the completed story              │
│ 10. Append your progress to `progress.txt`                                   │
│                                                                              │
│ ## Progress Report Format                                                    │
│                                                                              │
│ APPEND to progress.txt (never replace, always append):                       │
│ ```                                                                          │
│ ## [Date/Time] - [Story ID]                                                  │
│ - What was implemented                                                       │
│ - Files changed                                                              │
│ - **Learnings for future iterations:**                                       │
│   - Patterns discovered (e.g., "this codebase uses X for Y")                 │
│   - Gotchas encountered (e.g., "don't forget to update Z when changing W")   │
│   - Useful context (e.g., "the evaluation panel is in component X")          │
│ ---                                                                          │
│ ```                                                                          │
│                                                                              │
│ The learnings section is critical - it helps future iterations avoid repeati │
│ ng mistakes and understand the codebase better.                              │
│                                                                              │
│ ## Consolidate Patterns                                                      │
│                                                                              │
│ If you discover a **reusable pattern** that future iterations should know, a │
│ dd it to the `## Codebase Patterns` section at the TOP of progress.txt (crea │
│ te it if it doesn't exist). This section should consolidate the most importa │
│ nt learnings:                                                                │
│                                                                              │
│ ```                                                                          │
│ ## Codebase Patterns                                                         │
│ - Example: Use `sql<number>` template for aggregations                       │
│ - Example: Always use `IF NOT EXISTS` for migrations                         │
│ - Example: Export types from actions.ts for UI components                    │
│ ```                                                                          │
│                                                                              │
│ Only add patterns that are **general and reusable**, not story-specific deta │
│ ils.                                                                         │
│                                                                              │
│ ## Update AGENTS.md Files                                                    │
│                                                                              │
│ Before committing, check if any edited files have learnings worth preserving │
│ in nearby AGENTS.md files:                                                   │
│                                                                              │
│ 1. **Identify directories with edited files** - Look at which directories yo │
│ u modified                                                                   │
│ 2. **Check for existing AGENTS.md** - Look for AGENTS.md in those directorie │
│ s or parent directories                                                      │
│ 3. **Add valuable learnings** - If you discovered something future developer │
│ s/agents should know:                                                        │
│    - API patterns or conventions specific to that module                     │
│    - Gotchas or non-obvious requirements                                     │
│    - Dependencies between files                                              │
│    - Testing approaches for that area                                        │
│    - Configuration or environment requirements                               │
│                                                                              │
│ **Examples of good AGENTS.md additions:**                                    │
│ - "When modifying X, also update Y to keep them in sync"                     │
│ - "This module uses pattern Z for all API calls"                             │
│ - "Tests require the dev server running on PORT 3000"                        │
│ - "Field names must match the template exactly"                              │
│                                                                              │
│ **Do NOT add:**                                                              │
│ - Story-specific implementation details                                      │
│ - Temporary debugging notes                                                  │
│ - Information already in progress.txt                                        │
│                                                                              │
│ Only update AGENTS.md if you have **genuinely reusable knowledge** that woul │
│ d help future work in that directory.                                        │
│                                                                              │
│ ## Quality Requirements                                                      │
│                                                                              │
│ - ALL commits must pass your project's quality checks (typecheck, lint, test │
│ )                                                                            │
│ - Do NOT commit broken code                                                  │
│ - Keep changes focused and minimal                                           │
│ - Follow existing code patterns                                              │
│                                                                              │
│ ## Browser Testing (Required for Frontend Stories)                           │
│                                                                              │
│ For any story that changes UI, you MUST verify it works in the browser:      │
│                                                                              │
│ 1. Load the `dev-browser` skill                                              │
│ 2. Navigate to the relevant page                                             │
│ 3. Verify the UI changes work as expected                                    │
│ 4. Take a screenshot if helpful for the progress log                         │
│                                                                              │
│ A frontend story is NOT complete until browser verification passes.          │
│                                                                              │
│ ## Stop Condition                                                            │
│                                                                              │
│ After completing a user story, check if ALL stories have `passes: true`.     │
│                                                                              │
│ If ALL stories are complete and passing, reply with:                         │
│ <promise>COMPLETE</promise>                                                  │
│                                                                              │
│ If there are still stories with `passes: false`, end your response normally  │
│ (another iteration will pick up the next story).                             │
│                                                                              │
│ ## Important                                                                 │
│                                                                              │
│ - Work on ONE story per iteration                                            │
│ - Commit frequently                                                          │
│ - Keep CI green                                                              │
│ - Read the Codebase Patterns section in progress.txt before starting         │
╰──────────────────────────────────────────────────────────────────────────────╯
• Let me start by reading the PRD file and the progress log to understand what n
  eeds to be done.
• Used ReadFile (prd.json)
• Used ReadFile (progress.txt)
• I need to identify the next steps from the PRD. Looking at the status of the u
  ser stories, US-008 is the highest priority item still marked as passes: false
  . Its goal is to add global resume functionality on app startup.

  Before I start implementation, I need to understand the current state of the p
  roject. First, I must ensure I'm on the correct branch, ralph/ecash-transactio
  n-recovery, as specified in the PRD. Second, I need to examine the existing co
  de in src/model/cashu/tx-recovery.ts to understand how transaction states are
  managed. Finally, I'll need to look at src/routes/+layout.svelte to determine
  the best place to trigger the resume logic on application mount.

  Wait, I should also double-check the exact file path for the layout. A SvelteK
  it project usually has the root layout in src/routes/+layout.svelte, but if it
  's a monorepo or a custom setup, it could be elsewhere. I'll start by verifyin
  g the branch and reading the implementation of the transaction recovery module
  and the main layout file to get the full picture.
• Let me check the current branch and understand the codebase structure:
• Used Shell (cd /root/code/nuts-cash &... || echo "Files to check")
• Used ReadFile (src/model/cashu/tx-recovery.ts)
• Used ReadFile (src/routes/+layout.svelte)
• Let me continue reading the tx-recovery.ts file to see the rest of the impleme
  ntation, especially the finalizeTransaction and abortTransaction functions.
• Let me continue reading the tx-recovery.ts file and look for the rest of the i
  mplementation:
• Used ReadFile (src/model/cashu/tx-recovery.ts)
• I have a solid grasp of the recovery logic needed for US-008. The core require
  ments are to create a resumeActiveTransaction function in src/model/cashu/tx-r
  ecovery.ts and integrate it into the main layout at src/routes/+layout.svelte
  so that it runs on application startup.

  From a technical perspective, the resumeActiveTransaction function needs to:

  1. Check for an activeTxId in persistent storage.
  2. Load the associated TxState from IndexedDB.
  3. Determine if the transaction is in a resumable state (not finalized, not ab
     ed, and not already 'finalize' step).
  4. Trigger advanceTransaction(txId) to continue the process.

  The integration point in +layout.svelte should happen within the onMount lifec
  ycle hook. I'll likely need to add resumeActiveTransaction to the existing imp
  orts from the transaction recovery model and then call it inside the onMount b
  lock.

  Hmm... I should pause and consider the existing infrastructure for persistent
  storage. The PRD mentions persistentWritable for storing the activeTxId. If I'
  m going to interact with this store, I need to know exactly how it's implement
  ed. Does it expose a simple get method, or do I need to use Svelte's get utili
  ty from the svelte/store package? If persistentWritable is a custom wrapper, i
  t might have specific behaviors regarding how it handles localStorage or Index
  edDB synchronization.

  Wait, if I look at how other parts of the app handle this, I can ensure my imp
  lementation is consistent with the existing patterns. If persistentWritable is
  defined in src/lib/persistentWritable.ts, that's the first place I should look
  . I need to see the contract it provides for reading values, as I'll need to r
  etrieve the activeTxId before I can do anything else in the recovery flow.

  Actually, before I dive into the code changes in tx-recovery.ts, I must verify
  this utility. If the store is synchronous, I can call it directly in the resum
  e function. If it's asynchronous, I'll need to handle the promise resolution p
  roperly within the onMount hook in the layout.

  Therefore, the most logical next step is to examine the implementation of the
  persistent storage mechanism to understand how to correctly access the saved t
  ransaction ID.
• Now I understand the codebase. I need to implement US-008: "Add global resume
  on app startup". Let me check the persistentWritable implementation:
• Used ReadFile (src/lib/persistentWritable.ts)
• The persistentWritable implementation is now clear. I can proceed with impleme
  nting the resumeActiveTransaction function in src/model/cashu/tx-recovery.ts.

  Wait, I need to ensure the logic for checking the transaction state is robust—
  specifically verifying that the transaction isn't already finalized or aborted
  before resuming. I'll add the necessary imports and the function logic to the
  recovery module.

  Actually, while I'll eventually integrate this into +layout.svelte, the immedi
  ate priority is making the function available in the module. I'll append the r
  esumeActiveTransaction function and its exports to tx-recovery.ts.
• Now I'll implement the resumeActiveTransaction function and integrate it into
  the layout. Let me make the changes:
• Used StrReplaceFile (src/model/cashu/tx-recovery.ts)
• Now I need to update src/routes/+layout.svelte to call resumeActiveTransaction
  on mount.
• Now let me update the +layout.svelte to call the resume function on app startu
  p:
• Used StrReplaceFile (src/routes/+layout.svelte)
• Now I need to add the call to resumeActiveTransaction inside the onMount funct
  ion.
• Used StrReplaceFile (src/routes/+layout.svelte)
• Now let me run the typecheck to make sure everything is correct.
• Now let me run the typecheck to verify the implementation:
• Used Shell (cd /root/code/nuts-cash &...un check 2>&1 | head -100)
• The pre-existing errors are still there. Let me check if there are any new err
  ors related to my changes. I should look for errors in the files I modified.
• The pre-existing errors are still there. Let me verify there are no new errors
  in my changed files:
• Used Shell (cd /root/code/nuts-cash &...errors in modified files")
• There's an error at line 3 in src/routes/+layout.svelte. Let me check that lin
  e - it seems related to my import change. Let me see what the error is.
• Let me see the specific error at line 3:
• Used Shell (cd /root/code/nuts-cash &...yout.svelte:3" | head -20)
• The error on line 3 of +layout.svelte is about virtual:pwa-info, which was alr
  eady there before my change. My import change should be on line 13 (the resume
  ActiveTransaction import). Let me check the file to make sure my import is cor
  rect.
• Good - the error is about virtual:pwa-info which is a pre-existing error. My i
  mport was added at a different line. Let me verify the file looks correct:
• Used ReadFile (src/routes/+layout.svelte)
• The code looks good. The only pre-existing error on line 3 is about virtual:pw
  a-info, not related to my changes. My import is on line 11 which has no error.

  Now let me run the build to ensure everything compiles:
• The file looks good. Let me also run the build to verify everything compiles:
• Used Shell (cd /root/code/nuts-cash &...run build 2>&1 | tail -50)
• Hmm, the build failed with ERR_UNKNOWN_BUILTIN_MODULE for node:undici. This se
  ems like a Node.js version mismatch rather than an issue with my code. Wait, i
  f the modules transformed and chunks were rendered, the compilation itself lik
  ely succeeded. Actually, the error occurs during the route analysis phase, whi
  ch is a runtime environment check. To be certain that my changes haven't intro
  duced any TypeScript or Svelte compilation errors, I should isolate the check
  phase. I'll run npm run check and filter for new errors specifically to verify
  if my implementation is sound despite the environment error.
• The build fails due to a Node.js version issue with node:undici, not related t
  o my changes. Let me verify by looking at the key parts - the modules were tra
  nsformed successfully. Let me check if there are any new errors in my changes:
• Used Shell (cd /root/code/nuts-cash &..."home/+layout" | head -30)
• None of the errors are related to my changes. All errors are pre-existing issu
  es in the codebase. My implementation is clean.

  Let me also verify by checking specifically for errors in tx-recovery.ts and +
  layout.svelte root file:
• All errors are pre-existing. Let me verify my specific files have no new error
  s:
• Used Shell (cd /root/code/nuts-cash &...yout\.svelte)" | head -20)
• The only error in my modified files is at line 3 of +layout.svelte, which is t
  he pre-existing error about virtual:pwa-info. My changes (import on line 11 an
  d the resumeActiveTransaction call) have no errors.

  Now let me:

  1. Commit the changes
  2. Update the PRD to set passes: true for US-008
  3. Append the progress to progress.txt
• No new errors in my implementation. The only error is the pre-existing one at
  line 3 (virtual:pwa-info). Let me now commit the changes:
